
> sorokit-core@0.1.0 test
> vitest --run


[7m[1m[36m RUN [39m[22m[27m [36mv1.6.1[39m [90mC:/Users/DELL/OneDrive/Documents/Codes/sorokit/core[39m

 [32mΓ£ô[39m src/tests/result.test.ts [2m ([22m[2m15 tests[22m[2m)[22m[90m 12[2mms[22m[39m
 [32mΓ£ô[39m src/tests/network.test.ts [2m ([22m[2m14 tests[22m[2m)[22m[90m 31[2mms[22m[39m
 [32mΓ£ô[39m src/tests/account.test.ts [2m ([22m[2m40 tests[22m[2m)[22m[90m 269[2mms[22m[39m
 [32mΓ£ô[39m src/tests/shared.test.ts [2m ([22m[2m96 tests[22m[2m)[22m[33m 395[2mms[22m[39m
 [32mΓ£ô[39m src/tests/error-scenarios.test.ts [2m ([22m[2m22 tests[22m[2m)[22m[33m 534[2mms[22m[39m
 [32mΓ£ô[39m src/tests/logger.test.ts [2m ([22m[2m12 tests[22m[2m)[22m[90m 36[2mms[22m[39m
 [32mΓ£ô[39m src/tests/wallet.test.ts [2m ([22m[2m54 tests[22m[2m)[22m[90m 83[2mms[22m[39m
 [33mΓ¥»[39m src/tests/soroban.test.ts [2m ([22m[2m70 tests[22m [2m|[22m [31m1 failed[39m [2m|[22m [33m20 skipped[39m[2m)[22m[90m 90[2mms[22m[39m
[31m   [33mΓ¥»[31m src/tests/soroban.test.ts[2m > [22mbuildContractDeploy[2m > [22msuccessfully builds contract deployment XDR[39m
[31m     ΓåÆ expected 'error' to be 'ok' // Object.is equality[39m
 [32mΓ£ô[39m src/tests/transaction.test.ts [2m ([22m[2m126 tests[22m [2m|[22m [33m30 skipped[39m[2m)[22m[90m 103[2mms[22m[39m
 [32mΓ£ô[39m src/tests/integration/workflow.test.ts [2m ([22m[2m1 test[22m[2m)[22m[90m 5[2mms[22m[39m
 [32mΓ£ô[39m src/tests/integration/contract.test.ts [2m ([22m[2m1 test[22m[2m)[22m[90m 4[2mms[22m[39m
 [32mΓ£ô[39m src/tests/submit-transaction.test.ts [2m ([22m[2m4 tests[22m[2m)[22m[33m 1243[2mms[22m[39m
 [32mΓ£ô[39m src/tests/client.test.ts [2m ([22m[2m11 tests[22m[2m)[22m[33m 1236[2mms[22m[39m
 [32mΓ£ô[39m src/tests/integration/streaming.test.ts [2m ([22m[2m1 test[22m[2m)[22m[33m 1024[2mms[22m[39m

node.exe : [31mΓÄ»ΓÄ»ΓÄ»ΓÄ»ΓÄ»ΓÄ»ΓÄ»[1m[7m Failed Tests 1 
[27m[22mΓÄ»ΓÄ»ΓÄ»ΓÄ»ΓÄ»ΓÄ»ΓÄ»[39m
At line:1 char:1
+ & "C:\Program Files\nodejs/node.exe" "C:\Program Files\nodejs/node_mo ...
+ ~~~~~~~~~~~~~~~~~~~~~~~~~~~~~~~~~~~~~~~~~~~~~~~~~~~~~~~~~~~~~~~~~~~~~
    + CategoryInfo          : NotSpecified: ([31mΓÄ»ΓÄ»ΓÄ»Γ...»ΓÄ»ΓÄ»ΓÄ»[39m:Strin 
   g) [], RemoteException
    + FullyQualifiedErrorId : NativeCommandError
 

[31m[1m[7m FAIL [27m[22m[39m src/tests/soroban.test.ts[2m > 
[22mbuildContractDeploy[2m > [22msuccessfully builds contract deployment XDR
[31m[1mAssertionError[22m: expected 'error' to be 'ok' // Object.is equality[39m

[32m- Expected[39m
[31m+ Received[39m

[32m- ok[39m
[31m+ error[39m

[36m [2mΓ¥»[22m src/tests/soroban.test.ts:[2m1339:27[22m[39m
    [90m1337| [39m      }[33m,[39m
    [90m1338| [39m    )[33m;[39m
    [90m1339| [39m    [34mexpect[39m(result[33m.[39mstatus)[33m.[39m[34mtoBe
[39m([32m"ok"[39m)[33m;[39m
    [90m   | [39m                          [31m^[39m
    [90m1340| [39m    [34mexpect[39m(mockSimulateTransaction)[33m.[39m[34mtoHa
veBeenCalledOnce[39m()[33m;[39m
    [90m1341| [39m    [35mif[39m (result[33m.[39mstatus [33m===[39m 
[32m"ok"[39m) {

[31m[2mΓÄ»ΓÄ»ΓÄ»ΓÄ»ΓÄ»ΓÄ»ΓÄ»ΓÄ»ΓÄ»ΓÄ»ΓÄ»ΓÄ»ΓÄ»ΓÄ»ΓÄ»ΓÄ»ΓÄ»ΓÄ»ΓÄ»ΓÄ»ΓÄ»ΓÄ»ΓÄ»ΓÄ»[1/1
]ΓÄ»[22m[39m

[2m Test Files [22m [1m[31m1 failed[39m[22m[2m | [22m[1m[32m13 passed[39m[22m[90m (14)[39m
[2m      Tests [22m [1m[31m1 failed[39m[22m[2m | [22m[1m[32m416 passed[39m[22m[2m | [22m[33m50 skipped[39m[90m (467)[39m
[2m   Start at [22m 04:17:34
[2m   Duration [22m 3.80s[2m (transform 3.52s, setup 1ms, collect 12.85s, tests 5.07s, environment 4ms, prepare 4.89s)[22m

